---
source: src/test.rs
expression: window
---
-----------------00------------------
00 |                                |
01 |                                |
02 |                                |
03 |                                |
04 |                                |
05 |                                |
06 |                                |
07 |                                |
08 |                                |
09 |                                |
-----------------01------------------
00 |                                |
01 |                                |
02 |                                |
03 |                                |
04 |                                |
05 |                                |
06 |                                |
07 |                                |
08 |                                |
09 |                                |
-----------------02------------------
00 |                                |
01 |                                |
02 |                                |
03 |                                |
04 |                                |
05 |                                |
06 |                                |
07 |                                |
08 |                                |
09 |                              🦀|
-----------------03------------------
00 |                                |
01 |                                |
02 |                                |
03 |                                |
04 |                                |
05 |                                |
06 |                                |
07 |                                |
08 |                                |
09 |                              🦀|
-----------------04------------------
00 |                                |
01 |                                |
02 |                                |
03 |                                |
04 |                                |
05 |                                |
06 |                                |
07 |                                |
08 |                                |
09 |                            🦀🦀|
-----------------05------------------
00 |                                |
01 |                                |
02 |                                |
03 |                                |
04 |                                |
05 |                                |
06 |                                |
07 |                                |
08 |                                |
09 |                            🦀🦀|
-----------------06------------------
00 |                                |
01 |                                |
02 |                                |
03 |                                |
04 |                                |
05 |                                |
06 |                              🦀|
07 |                                |
08 |                                |
09 |                          🦀🦀🦀|
-----------------07------------------
00 |                                |
01 |                                |
02 |                                |
03 |                                |
04 |                                |
05 |                                |
06 |                            🦀🦀|
07 |                                |
08 |                              🦀|
09 |                          🦀🦀🦀|
-----------------08------------------
00 |                              🦀|
01 |                                |
02 |                                |
03 |                                |
04 |                                |
05 |                                |
06 |                          🦀🦀🦀|
07 |                                |
08 |                            🦀🦀|
09 |                        🦀🦀🦀🦀|
-----------------09------------------
00 |                              🦀|
01 |                                |
02 |                                |
03 |                                |
04 |                                |
05 |                                |
06 |                        🦀🦀🦀🦀|
07 |                                |
08 |                          🦀🦀🦀|
09 |                        🦀🦀🦀🦀|
-----------------0A------------------
00 |                            🦀🦀|
01 |                                |
02 |                                |
03 |                                |
04 |                                |
05 |                                |
06 |                      🦀🦀🦀🦀🦀|
07 |                                |
08 |                        🦀🦀🦀🦀|
09 |                      🦀🦀🦀🦀🦀|
-----------------0B------------------
00 |                            🦀🦀|
01 |                              🦀|
02 |                                |
03 |                                |
04 |                                |
05 |                                |
06 |                    🦀🦀🦀🦀🦀🦀|
07 |                                |
08 |                      🦀🦀🦀🦀🦀|
09 |                      🦀🦀🦀🦀🦀|
-----------------0C------------------
00 |                          🦀🦀🦀|
01 |                              🦀|
02 |                                |
03 |                                |
04 |                                |
05 |                                |
06 |                  🦀🦀🦀🦀🦀🦀🦀|
07 |                              🦀|
08 |                    🦀🦀🦀🦀🦀🦀|
09 |                    🦀🦀🦀🦀🦀🦀|
-----------------0D------------------
00 |                          🦀🦀🦀|
01 |                            🦀🦀|
02 |                                |
03 |                                |
04 |                                |
05 |                              🦀|
06 |                🦀🦀🦀🦀🦀🦀🦀🦀|
07 |                            🦀🦀|
08 |                  🦀🦀🦀🦀🦀🦀🦀|
09 |                    🦀🦀🦀🦀🦀🦀|
-----------------0E------------------
00 |                        🦀🦀🦀🦀|
01 |                            🦀🦀|
02 |                                |
03 |                                |
04 |                                |
05 |                              🦀|
06 |              🦀🦀🦀🦀🦀🦀🦀🦀🦀|
07 |                          🦀🦀🦀|
08 |                🦀🦀🦀🦀🦀🦀🦀  |
09 |                  🦀🦀🦀🦀🦀🦀🦀|
-----------------0F------------------
00 |                        🦀🦀🦀🦀|
01 |                          🦀🦀🦀|
02 |                              🦀|
03 |                              🦀|
04 |                              🦀|
05 |                            🦀🦀|
06 |            🦀🦀🦀🦀🦀🦀🦀🦀🦀🦀|
07 |                        🦀🦀🦀🦀|
08 |              🦀🦀🦀🦀🦀🦀🦀    |
09 |                  🦀🦀🦀🦀🦀🦀🦀|
-----------------10------------------
00 |                      🦀🦀🦀🦀🦀|
01 |                          🦀🦀🦀|
02 |                              🦀|
03 |                              🦀|
04 |                              🦀|
05 |                            🦀🦀|
06 |          🦀🦀🦀🦀🦀🦀🦀🦀🦀🦀🦀|
07 |                      🦀🦀🦀🦀  |
08 |            🦀🦀🦀🦀🦀🦀🦀      |
09 |                🦀🦀🦀🦀🦀🦀🦀🦀|
-----------------11------------------
00 |                      🦀🦀🦀🦀🦀|
01 |                        🦀🦀🦀🦀|
02 |                            🦀🦀|
03 |                            🦀🦀|
04 |                            🦀🦀|
05 |                          🦀🦀🦀|
06 |        🦀🦀🦀🦀🦀🦀🦀🦀🦀🦀🦀  |
07 |                    🦀🦀🦀🦀    |
08 |          🦀🦀🦀🦀🦀🦀🦀        |
09 |                🦀🦀🦀🦀🦀🦀🦀🦀|
-----------------12------------------
00 |                    🦀🦀🦀🦀🦀🦀|
01 |                        🦀🦀🦀🦀|
02 |                            🦀🦀|
03 |                            🦀🦀|
04 |                            🦀🦀|
05 |                          🦀🦀🦀|
06 |      🦀🦀🦀🦀🦀🦀🦀🦀🦀🦀🦀    |
07 |                  🦀🦀🦀🦀      |
08 |        🦀🦀🦀🦀🦀🦀🦀          |
09 |              🦀🦀🦀🦀🦀🦀🦀🦀🦀|
-----------------13------------------
00 |                    🦀🦀🦀🦀🦀🦀|
01 |                      🦀🦀🦀🦀🦀|
02 |                          🦀🦀🦀|
03 |                          🦀🦀🦀|
04 |                          🦀🦀🦀|
05 |                        🦀🦀🦀🦀|
06 |    🦀🦀🦀🦀🦀🦀🦀🦀🦀🦀🦀      |
07 |                🦀🦀🦀🦀        |
08 |      🦀🦀🦀🦀🦀🦀🦀            |
09 |              🦀🦀🦀🦀🦀🦀🦀🦀🦀|
-----------------14------------------
00 |                  🦀🦀🦀🦀🦀🦀🦀|
01 |                      🦀🦀🦀🦀🦀|
02 |                          🦀🦀🦀|
03 |                          🦀🦀🦀|
04 |                          🦀🦀🦀|
05 |                        🦀🦀🦀🦀|
06 |  🦀🦀🦀🦀🦀🦀🦀🦀🦀🦀🦀        |
07 |              🦀🦀🦀🦀          |
08 |    🦀🦀🦀🦀🦀🦀🦀              |
09 |            🦀🦀🦀🦀🦀🦀🦀🦀🦀🦀|
-----------------15------------------
00 |                  🦀🦀🦀🦀🦀🦀🦀|
01 |                    🦀🦀🦀🦀🦀🦀|
02 |                        🦀🦀🦀🦀|
03 |                        🦀🦀🦀🦀|
04 |                        🦀🦀🦀🦀|
05 |                      🦀🦀🦀🦀🦀|
06 |🦀🦀🦀🦀🦀🦀🦀🦀🦀🦀🦀          |
07 |            🦀🦀🦀🦀            |
08 |  🦀🦀🦀🦀🦀🦀🦀                |
09 |            🦀🦀🦀🦀🦀🦀🦀🦀🦀🦀|
-----------------16------------------
00 |                🦀🦀🦀🦀🦀🦀🦀🦀|
01 |                    🦀🦀🦀🦀🦀🦀|
02 |                        🦀🦀🦀🦀|
03 |                        🦀🦀🦀🦀|
04 |                        🦀🦀🦀🦀|
05 |                      🦀🦀🦀🦀🦀|
06 |🦀🦀🦀🦀🦀🦀🦀🦀🦀🦀            |
07 |          🦀🦀🦀🦀              |
08 |🦀🦀🦀🦀🦀🦀🦀                  |
09 |          🦀🦀🦀🦀🦀🦀🦀🦀🦀🦀  |
-----------------17------------------
00 |                🦀🦀🦀🦀🦀🦀🦀🦀|
01 |                  🦀🦀🦀🦀🦀🦀🦀|
02 |                      🦀🦀🦀🦀🦀|
03 |                      🦀🦀🦀🦀🦀|
04 |                      🦀🦀🦀🦀🦀|
05 |                    🦀🦀🦀🦀🦀🦀|
06 |🦀🦀🦀🦀🦀🦀🦀🦀🦀              |
07 |        🦀🦀🦀🦀                |
08 |🦀🦀🦀🦀🦀🦀                    |
09 |          🦀🦀🦀🦀🦀🦀🦀🦀🦀🦀  |
-----------------18------------------
00 |              🦀🦀🦀🦀🦀🦀🦀🦀🦀|
01 |                  🦀🦀🦀🦀🦀🦀🦀|
02 |                      🦀🦀🦀🦀🦀|
03 |                      🦀🦀🦀🦀🦀|
04 |                      🦀🦀🦀🦀🦀|
05 |                    🦀🦀🦀🦀🦀🦀|
06 |🦀🦀🦀🦀🦀🦀🦀🦀                |
07 |      🦀🦀🦀🦀                  |
08 |🦀🦀🦀🦀🦀                      |
09 |        🦀🦀🦀🦀🦀🦀🦀🦀🦀🦀    |
-----------------19------------------
00 |              🦀🦀🦀🦀🦀🦀🦀🦀🦀|
01 |                🦀🦀🦀🦀🦀🦀🦀🦀|
02 |                    🦀🦀🦀🦀🦀🦀|
03 |                    🦀🦀🦀🦀🦀🦀|
04 |                    🦀🦀🦀🦀🦀🦀|
05 |                  🦀🦀🦀🦀🦀🦀🦀|
06 |🦀🦀🦀🦀🦀🦀🦀                  |
07 |    🦀🦀🦀🦀                    |
08 |🦀🦀🦀🦀                        |
09 |        🦀🦀🦀🦀🦀🦀🦀🦀🦀🦀    |
-----------------1A------------------
00 |            🦀🦀🦀🦀🦀🦀🦀🦀🦀🦀|
01 |                🦀🦀🦀🦀🦀🦀🦀🦀|
02 |                    🦀🦀🦀🦀🦀🦀|
03 |                    🦀🦀🦀🦀🦀🦀|
04 |                    🦀🦀🦀🦀🦀🦀|
05 |                  🦀🦀🦀🦀🦀🦀🦀|
06 |🦀🦀🦀🦀🦀🦀                    |
07 |  🦀🦀🦀🦀                      |
08 |🦀🦀🦀                          |
09 |      🦀🦀🦀🦀🦀🦀🦀🦀🦀🦀      |
-----------------1B------------------
00 |            🦀🦀🦀🦀🦀🦀🦀🦀🦀🦀|
01 |              🦀🦀🦀🦀🦀🦀🦀🦀🦀|
02 |                  🦀🦀🦀🦀🦀🦀🦀|
03 |                  🦀🦀🦀🦀🦀🦀🦀|
04 |                  🦀🦀🦀🦀🦀🦀🦀|
05 |                🦀🦀🦀🦀🦀🦀🦀🦀|
06 |🦀🦀🦀🦀🦀                      |
07 |🦀🦀🦀🦀                        |
08 |🦀🦀                            |
09 |      🦀🦀🦀🦀🦀🦀🦀🦀🦀🦀      |
-----------------1C------------------
00 |          🦀🦀🦀🦀🦀🦀🦀🦀🦀🦀  |
01 |              🦀🦀🦀🦀🦀🦀🦀🦀🦀|
02 |                  🦀🦀🦀🦀🦀🦀🦀|
03 |                  🦀🦀🦀🦀🦀🦀🦀|
04 |                  🦀🦀🦀🦀🦀🦀🦀|
05 |                🦀🦀🦀🦀🦀🦀🦀🦀|
06 |🦀🦀🦀🦀                        |
07 |🦀🦀🦀                          |
08 |🦀                              |
09 |    🦀🦀🦀🦀🦀🦀🦀🦀🦀🦀        |
-----------------1D------------------
00 |          🦀🦀🦀🦀🦀🦀🦀🦀🦀🦀  |
01 |            🦀🦀🦀🦀🦀🦀🦀🦀🦀🦀|
02 |                🦀🦀🦀🦀🦀🦀🦀🦀|
03 |                🦀🦀🦀🦀🦀🦀🦀  |
04 |                🦀🦀🦀🦀🦀🦀🦀🦀|
05 |              🦀🦀🦀🦀🦀🦀🦀🦀🦀|
06 |🦀🦀🦀                          |
07 |🦀🦀                            |
08 |                                |
09 |    🦀🦀🦀🦀🦀🦀🦀🦀🦀🦀        |
-----------------1E------------------
00 |        🦀🦀🦀🦀🦀🦀🦀🦀🦀🦀    |
01 |            🦀🦀🦀🦀🦀🦀🦀🦀🦀🦀|
02 |                🦀🦀🦀🦀🦀🦀🦀🦀|
03 |                🦀🦀🦀🦀🦀🦀🦀  |
04 |                🦀🦀🦀🦀🦀🦀🦀🦀|
05 |              🦀🦀🦀🦀🦀🦀🦀🦀🦀|
06 |🦀🦀                            |
07 |🦀                              |
08 |                                |
09 |  🦀🦀🦀🦀🦀🦀🦀🦀🦀🦀          |
-----------------1F------------------
00 |        🦀🦀🦀🦀🦀🦀🦀🦀🦀🦀    |
01 |          🦀🦀🦀🦀🦀🦀🦀🦀🦀🦀  |
02 |              🦀🦀🦀🦀🦀🦀🦀🦀🦀|
03 |              🦀🦀🦀🦀🦀🦀🦀    |
04 |              🦀🦀🦀🦀🦀🦀🦀🦀🦀|
05 |            🦀🦀🦀🦀🦀🦀🦀🦀🦀🦀|
06 |🦀                              |
07 |                                |
08 |                                |
09 |  🦀🦀🦀🦀🦀🦀🦀🦀🦀🦀          |
-----------------20------------------
00 |      🦀🦀🦀🦀🦀🦀🦀🦀🦀🦀      |
01 |          🦀🦀🦀🦀🦀🦀🦀🦀🦀🦀  |
02 |              🦀🦀🦀🦀🦀🦀🦀🦀🦀|
03 |              🦀🦀🦀🦀🦀🦀🦀    |
04 |              🦀🦀🦀🦀🦀🦀🦀🦀🦀|
05 |            🦀🦀🦀🦀🦀🦀🦀🦀🦀🦀|
06 |                                |
07 |                                |
08 |                                |
09 |🦀🦀🦀🦀🦀🦀🦀🦀🦀🦀            |
-----------------21------------------
00 |      🦀🦀🦀🦀🦀🦀🦀🦀🦀🦀      |
01 |        🦀🦀🦀🦀🦀🦀🦀🦀🦀🦀    |
02 |            🦀🦀🦀🦀🦀🦀🦀🦀🦀🦀|
03 |            🦀🦀🦀🦀🦀🦀🦀      |
04 |            🦀🦀🦀🦀🦀🦀🦀🦀🦀🦀|
05 |          🦀🦀🦀🦀🦀🦀🦀🦀🦀🦀  |
06 |                                |
07 |                                |
08 |                              🦀|
09 |🦀🦀🦀🦀🦀🦀🦀🦀🦀🦀            |
-----------------22------------------
00 |    🦀🦀🦀🦀🦀🦀🦀🦀🦀🦀        |
01 |        🦀🦀🦀🦀🦀🦀🦀🦀🦀🦀    |
02 |            🦀🦀🦀🦀🦀🦀🦀🦀🦀🦀|
03 |            🦀🦀🦀🦀🦀🦀🦀      |
04 |            🦀🦀🦀🦀🦀🦀🦀🦀🦀🦀|
05 |          🦀🦀🦀🦀🦀🦀🦀🦀🦀🦀  |
06 |                                |
07 |                                |
08 |                              🦀|
09 |🦀🦀🦀🦀🦀🦀🦀🦀🦀              |
-----------------23------------------
00 |    🦀🦀🦀🦀🦀🦀🦀🦀🦀🦀        |
01 |      🦀🦀🦀🦀🦀🦀🦀🦀🦀🦀      |
02 |          🦀🦀🦀🦀🦀🦀🦀🦀🦀🦀  |
03 |          🦀🦀🦀🦀🦀🦀🦀        |
04 |          🦀🦀🦀🦀🦀🦀🦀🦀🦀🦀🦀|
05 |        🦀🦀🦀🦀🦀🦀🦀🦀🦀🦀    |
06 |                                |
07 |                              🦀|
08 |                            🦀🦀|
09 |🦀🦀🦀🦀🦀🦀🦀🦀🦀              |
-----------------24------------------
00 |  🦀🦀🦀🦀🦀🦀🦀🦀🦀🦀          |
01 |      🦀🦀🦀🦀🦀🦀🦀🦀🦀🦀      |
02 |          🦀🦀🦀🦀🦀🦀🦀🦀🦀🦀  |
03 |          🦀🦀🦀🦀🦀🦀🦀        |
04 |          🦀🦀🦀🦀🦀🦀🦀🦀🦀🦀🦀|
05 |        🦀🦀🦀🦀🦀🦀🦀🦀🦀🦀    |
06 |                              🦀|
07 |                              🦀|
08 |                            🦀🦀|
09 |🦀🦀🦀🦀🦀🦀🦀🦀                |
-----------------25------------------
00 |  🦀🦀🦀🦀🦀🦀🦀🦀🦀🦀          |
01 |    🦀🦀🦀🦀🦀🦀🦀🦀🦀🦀        |
02 |        🦀🦀🦀🦀🦀🦀🦀🦀🦀🦀    |
03 |        🦀🦀🦀🦀🦀🦀🦀          |
04 |        🦀🦀🦀🦀🦀🦀🦀🦀🦀🦀🦀  |
05 |      🦀🦀🦀🦀🦀🦀🦀🦀🦀🦀      |
06 |                              🦀|
07 |                            🦀🦀|
08 |                          🦀🦀🦀|
09 |🦀🦀🦀🦀🦀🦀🦀🦀                |
-----------------26------------------
00 |🦀🦀🦀🦀🦀🦀🦀🦀🦀🦀            |
01 |    🦀🦀🦀🦀🦀🦀🦀🦀🦀🦀        |
02 |        🦀🦀🦀🦀🦀🦀🦀🦀🦀🦀    |
03 |        🦀🦀🦀🦀🦀🦀🦀          |
04 |        🦀🦀🦀🦀🦀🦀🦀🦀🦀🦀🦀  |
05 |      🦀🦀🦀🦀🦀🦀🦀🦀🦀🦀      |
06 |                            🦀🦀|
07 |                            🦀🦀|
08 |                          🦀🦀🦀|
09 |🦀🦀🦀🦀🦀🦀🦀                  |
-----------------27------------------
00 |🦀🦀🦀🦀🦀🦀🦀🦀🦀🦀            |
01 |  🦀🦀🦀🦀🦀🦀🦀🦀🦀🦀          |
02 |      🦀🦀🦀🦀🦀🦀🦀🦀🦀🦀      |
03 |      🦀🦀🦀🦀🦀🦀🦀            |
04 |      🦀🦀🦀🦀🦀🦀🦀🦀🦀🦀🦀    |
05 |    🦀🦀🦀🦀🦀🦀🦀🦀🦀🦀        |
06 |                            🦀🦀|
07 |                          🦀🦀🦀|
08 |                        🦀🦀🦀🦀|
09 |🦀🦀🦀🦀🦀🦀🦀                  |
-----------------28------------------
00 |🦀🦀🦀🦀🦀🦀🦀🦀🦀              |
01 |  🦀🦀🦀🦀🦀🦀🦀🦀🦀🦀          |
02 |      🦀🦀🦀🦀🦀🦀🦀🦀🦀🦀      |
03 |      🦀🦀🦀🦀🦀🦀🦀            |
04 |      🦀🦀🦀🦀🦀🦀🦀🦀🦀🦀🦀    |
05 |    🦀🦀🦀🦀🦀🦀🦀🦀🦀🦀        |
06 |                          🦀🦀🦀|
07 |                          🦀🦀🦀|
08 |                        🦀🦀🦀🦀|
09 |🦀🦀🦀🦀🦀🦀                    |
-----------------29------------------
00 |🦀🦀🦀🦀🦀🦀🦀🦀🦀              |
01 |🦀🦀🦀🦀🦀🦀🦀🦀🦀🦀            |
02 |    🦀🦀🦀🦀🦀🦀🦀🦀🦀🦀        |
03 |    🦀🦀🦀🦀🦀🦀🦀              |
04 |    🦀🦀🦀🦀🦀🦀🦀🦀🦀🦀🦀      |
05 |  🦀🦀🦀🦀🦀🦀🦀🦀🦀🦀          |
06 |                          🦀🦀🦀|
07 |                        🦀🦀🦀🦀|
08 |                      🦀🦀🦀🦀  |
09 |🦀🦀🦀🦀🦀🦀                    |
-----------------2A------------------
00 |🦀🦀🦀🦀🦀🦀🦀🦀                |
01 |🦀🦀🦀🦀🦀🦀🦀🦀🦀🦀            |
02 |    🦀🦀🦀🦀🦀🦀🦀🦀🦀🦀        |
03 |    🦀🦀🦀🦀🦀🦀🦀              |
04 |    🦀🦀🦀🦀🦀🦀🦀🦀🦀🦀🦀      |
05 |  🦀🦀🦀🦀🦀🦀🦀🦀🦀🦀          |
06 |                        🦀🦀🦀🦀|
07 |                        🦀🦀🦀🦀|
08 |                      🦀🦀🦀🦀  |
09 |🦀🦀🦀🦀🦀                      |
-----------------2B------------------
00 |🦀🦀🦀🦀🦀🦀🦀🦀                |
01 |🦀🦀🦀🦀🦀🦀🦀🦀🦀              |
02 |  🦀🦀🦀🦀🦀🦀🦀🦀🦀🦀          |
03 |  🦀🦀🦀🦀🦀🦀🦀                |
04 |  🦀🦀🦀🦀🦀🦀🦀🦀🦀🦀🦀        |
05 |🦀🦀🦀🦀🦀🦀🦀🦀🦀🦀            |
06 |                        🦀🦀🦀🦀|
07 |                      🦀🦀🦀🦀🦀|
08 |                    🦀🦀🦀🦀    |
09 |🦀🦀🦀🦀🦀                      |
-----------------2C------------------
00 |🦀🦀🦀🦀🦀🦀🦀                  |
01 |🦀🦀🦀🦀🦀🦀🦀🦀🦀              |
02 |  🦀🦀🦀🦀🦀🦀🦀🦀🦀🦀          |
03 |  🦀🦀🦀🦀🦀🦀🦀                |
04 |  🦀🦀🦀🦀🦀🦀🦀🦀🦀🦀🦀        |
05 |🦀🦀🦀🦀🦀🦀🦀🦀🦀🦀            |
06 |                      🦀🦀🦀🦀🦀|
07 |                      🦀🦀🦀🦀🦀|
08 |                    🦀🦀🦀🦀    |
09 |🦀🦀🦀🦀                        |
-----------------2D------------------
00 |🦀🦀🦀🦀🦀🦀🦀                  |
01 |🦀🦀🦀🦀🦀🦀🦀🦀                |
02 |🦀🦀🦀🦀🦀🦀🦀🦀🦀🦀            |
03 |🦀🦀🦀🦀🦀🦀🦀                  |
04 |🦀🦀🦀🦀🦀🦀🦀🦀🦀🦀🦀          |
05 |🦀🦀🦀🦀🦀🦀🦀🦀🦀              |
06 |                      🦀🦀🦀🦀🦀|
07 |                    🦀🦀🦀🦀🦀  |
08 |                  🦀🦀🦀🦀      |
09 |🦀🦀🦀🦀                        |
-----------------2E------------------
00 |🦀🦀🦀🦀🦀🦀                    |
01 |🦀🦀🦀🦀🦀🦀🦀🦀                |
02 |🦀🦀🦀🦀🦀🦀🦀🦀🦀🦀            |
03 |🦀🦀🦀🦀🦀🦀🦀                  |
04 |🦀🦀🦀🦀🦀🦀🦀🦀🦀🦀🦀          |
05 |🦀🦀🦀🦀🦀🦀🦀🦀🦀              |
06 |                    🦀🦀🦀🦀🦀  |
07 |                    🦀🦀🦀🦀🦀  |
08 |                  🦀🦀🦀🦀      |
09 |🦀🦀🦀                          |
-----------------2F------------------
00 |🦀🦀🦀🦀🦀🦀                    |
01 |🦀🦀🦀🦀🦀🦀🦀                  |
02 |🦀🦀🦀🦀🦀🦀🦀🦀🦀              |
03 |🦀🦀🦀🦀🦀🦀                    |
04 |🦀🦀🦀🦀🦀🦀🦀🦀🦀🦀            |
05 |🦀🦀🦀🦀🦀🦀🦀🦀                |
06 |                    🦀🦀🦀🦀🦀  |
07 |                  🦀🦀🦀🦀🦀    |
08 |                🦀🦀🦀🦀        |
09 |🦀🦀🦀                          |
-----------------30------------------
00 |🦀🦀🦀🦀🦀                      |
01 |🦀🦀🦀🦀🦀🦀🦀                  |
02 |🦀🦀🦀🦀🦀🦀🦀🦀🦀              |
03 |🦀🦀🦀🦀🦀🦀                    |
04 |🦀🦀🦀🦀🦀🦀🦀🦀🦀🦀            |
05 |🦀🦀🦀🦀🦀🦀🦀🦀                |
06 |                  🦀🦀🦀🦀🦀    |
07 |                  🦀🦀🦀🦀🦀    |
08 |                🦀🦀🦀🦀        |
09 |🦀🦀                            |
-----------------31------------------
00 |🦀🦀🦀🦀🦀                      |
01 |🦀🦀🦀🦀🦀🦀                    |
02 |🦀🦀🦀🦀🦀🦀🦀🦀                |
03 |🦀🦀🦀🦀🦀                      |
04 |🦀🦀🦀🦀🦀🦀🦀🦀🦀              |
05 |🦀🦀🦀🦀🦀🦀🦀                  |
06 |                  🦀🦀🦀🦀🦀    |
07 |                🦀🦀🦀🦀🦀      |
08 |              🦀🦀🦀🦀          |
09 |🦀🦀                            |
