---
source: src/test.rs
expression: window
---
---------- 0 -------------
00 |                                        
01 |                                        
02 |                                        
03 |                                        
04 |                                        
05 |                                        
06 |                                        
07 |                                        
08 |                                        
09 |                                        
0A |                                        
0B |                                        
0C |                                        
0D |                                        
0E |                                        
0F |                                        
10 |                                        
11 |                                        
12 |                                        
13 |                                        
---------- 1 -------------
00 |   e l                   prw z u     fv 
01 |                                        
02 |                                        
03 |                                        
04 |                                        
05 |                                        
06 |                                        
07 |                                        
08 |                                        
09 |                                        
0A |                                        
0B |                                        
0C |                                        
0D |                                        
0E |                                        
0F |                                        
10 |                                        
11 |                                        
12 |                                        
13 |                                        
---------- 2 -------------
00 |   e ls  h     pt  v     prwmzeu  c  fv 
01 |   o c                   sbg b n     mj 
02 |                                        
03 |                                        
04 |                                        
05 |                                        
06 |                                        
07 |                                        
08 |                                        
09 |                                        
0A |                                        
0B |                                        
0C |                                        
0D |                                        
0E |                                        
0F |                                        
10 |                                        
11 |                                        
12 |                                        
13 |                                        
---------- 3 -------------
00 |ugseels vhg lb pta vb lh prwmzeu  c ffv 
01 |   o c                   sbg b n     mj 
02 |   u l                   gfy y v     wf 
03 |                                        
04 |                                        
05 |                                        
06 |                                        
07 |                                        
08 |                                        
09 |                                        
0A |                                        
0B |                                        
0C |                                        
0D |                                        
0E |                                        
0F |                                        
10 |                                        
11 |                                        
12 |                                        
13 |                                        
---------- 4 -------------
00 |ugseelspvhgzlbzptaivbrlhhprwmzeuqbcsffvl
01 |   o ch  i     rm  c     sbgebpn  u  mj 
02 |   u l                   gfy y v     wf 
03 |   p a                   mmt g f     cp 
04 |                                        
05 |                                        
06 |                                        
07 |                                        
08 |                                        
09 |                                        
0A |                                        
0B |                                        
0C |                                        
0D |                                        
0E |                                        
0F |                                        
10 |                                        
11 |                                        
12 |                                        
13 |                                        
---------- 5 -------------
00 |ugseelspvhgzlbzptaivbrlhhprwmze qbcsffvl
01 |   o ch  i     rm  c     sbgebpn  u  mj 
02 |   u l                   gfy y v     wf 
03 |   p a                   mmt g f     cp 
04 |   o c                   fwh t q     kb 
05 |                                        
06 |                                        
07 |                                        
08 |                                        
09 |                                        
0A |                                        
0B |                                        
0C |                                        
0D |                                        
0E |                                        
0F |                                        
10 |                                        
11 |                                        
12 |                                        
13 |                                        
---------- 6 -------------
00 |ugseelspvhgzlbzptaivbrlhhprwmze qbcsffvl
01 |ulsogch oil ag rmr cw xl sbgebp   u wmj 
02 |   u lw  s     hi  j     gfysycv  r  wf 
03 |   p a                   mmt g f     cp 
04 |   o c                   fwh t q     kb 
05 |   h e                   gcn j a     gf 
06 |                                        
07 |                                        
08 |                                        
09 |                                        
0A |                                        
0B |                                        
0C |                                        
0D |                                        
0E |                                        
0F |                                        
10 |                                        
11 |                                        
12 |                                        
13 |                                        
---------- 7 -------------
00 |ugseelspvhgzlbzptaivbrlhhprwmze qbcsffvl
01 |ulsogch oil ag rmr cw xl sbgebp   u wmj 
02 |   u lw  s     hi  j     gfysyc   r  wf 
03 |   p a                   mmt g f     cp 
04 |   o c                   fwh t q     kb 
05 |   h e                   gcn j a     gf 
06 |   g r                   mkz s e     xc 
07 |                                        
08 |                                        
09 |                                        
0A |                                        
0B |                                        
0C |                                        
0D |                                        
0E |                                        
0F |                                        
10 |                                        
11 |                                        
12 |                                        
13 |                                        
---------- 8 -------------
00 |ugseelspvhgzlbzptaivbrlhhpr mze qbcsffvl
01 |ulsogchxoiloagkrmrncwnxldsbgebp bsuewmjh
02 |   u lw  s     hi  j     gfysyc   r  wf 
03 |   p aa  a     dy  d     mmtsgl   b  cp 
04 |   o c                   fwh t q     kb 
05 |   h e                   gcn j a     gf 
06 |   g r                   mkz s e     xc 
07 |   z r                   dgq c n     ry 
08 |                                        
09 |                                        
0A |                                        
0B |                                        
0C |                                        
0D |                                        
0E |                                        
0F |                                        
10 |                                        
11 |                                        
12 |                                        
13 |                                        
---------- 9 -------------
00 |ugseelspvhgzlbzptaivbrlhh r mze qbcsffvl
01 |ulsogchxoiloagkrmrncwnxldsb ebp bsuewmjh
02 |mkyuzlw fsc zi hin jh ld gfysyc   r ewf 
03 |   p aa  a     dy  d     mmtsgl   b  cp 
04 |   o c                   fwh t       kb 
05 |   h e                   gcn j a     gf 
06 |   g r                   mkz s e     xc 
07 |   z r                   dgq c n     ry 
08 |   j h                   dxf j m     zn 
09 |                                        
0A |                                        
0B |                                        
0C |                                        
0D |                                        
0E |                                        
0F |                                        
10 |                                        
11 |                                        
12 |                                        
13 |                                        
---------- 10 -------------
00 |ugseelspvhgzlbzp aivbrlhh r mze qbcsffvl
01 |ulsogchxoiloagkrmrncwnxld b ebp bsuewmjh
02 |mkyuzlw fsc zi hin jh ld gf syc   r ewf 
03 |   p aa  a     dy  d     mmtsgl   b  cp 
04 |   o cj  c     tp  t     fwhttn   f  kb 
05 |   h e                   gcn j       gf 
06 |   g r                   mkz s e     xc 
07 |   z r                   dgq c n     ry 
08 |   j h                   dxf j m     zn 
09 |   k i                   cri w b     ro 
0A |                                        
0B |                                        
0C |                                        
0D |                                        
0E |                                        
0F |                                        
10 |                                        
11 |                                        
12 |                                        
13 |                                        
---------- 11 -------------
00 |ugseelspvhgzlbzp aivbrlhh r m e qbcsffvl
01 |ulsogchxoiloagkrmrncwnxld b ebp bsuewmjh
02 |mkyuzlw fsc zi hin jh ld  f syc   r ewf 
03 |   p aa  a     dy  d     mm sgl   b  cp 
04 |   o cj  c     tp  t     fwhttn   f  kb 
05 |   h e                   gcn j       gf 
06 |   g r                   mkz s       xc 
07 |   z r                   dgq c n     ry 
08 |   j h                   dxf j m     zn 
09 |   k i                   cri w b     ro 
0A |   e b                   szb k r     ud 
0B |                                        
0C |                                        
0D |                                        
0E |                                        
0F |                                        
10 |                                        
11 |                                        
12 |                                        
13 |                                        
---------- 12 -------------
00 |ugs elspvhgzlbzp aivbrlhh r m e qb sffvl
01 |ulsogchxoiloagkr rncwnxld b e p bsuewmjh
02 |mkyuzlwlfscdziwhinfjhlldt f syc etrxewfm
03 |mvypkaa tal uw dyl dz eu  m sgl   b hcp 
04 |   o cj  c     tp  t     fw ttn   f  kb 
05 |   h ey  m     ng  r     gcnojn   m  gf 
06 |   g r                   mkz s       xc 
07 |   z r                   dgq c       ry 
08 |   j h                   dxf j m     zn 
09 |   k i                   cri w b     ro 
0A |   e b                   szb k r     ud 
0B |   p o                   ors x q     lx 
0C |                                        
0D |                                        
0E |                                        
0F |                                        
10 |                                        
11 |                                        
12 |                                        
13 |                                        
---------- 13 -------------
00 |ugs elspvhgzlbzp aivbrlhh r m e qb sffvl
01 |uls gchxoiloagkr rncwnxld b e p bsuewmjh
02 |mkyuzlwlfscdziwhinfjhlldt f s c etrxewfm
03 |mvypkaa tal uw dyl dz eu  m sgl   b hcp 
04 |   o cj  c     tp  t      w ttn   f  kb 
05 |   h ey  m     ng  r     gc ojn   m  gf 
06 |   g r                   mkz s       xc 
07 |   z r                   dgq c       ry 
08 |   j h                   dxf j       zn 
09 |   k i                   cri w b     ro 
0A |   e b                   szb k r     ud 
0B |   p o                   ors x q     lx 
0C |   c y                   put g g     bg 
0D |                                        
0E |                                        
0F |                                        
10 |                                        
11 |                                        
12 |                                        
13 |                                        
---------- 14 -------------
00 |ugs e  pvhgzlbzp aivbrlhh r   e qb sf vl
01 |uls gchxoiloagkr rncwnxld b e p bs ewmjh
02 |mky zlwlfscdziwh nfjhlldt f s c etrxewfm
03 |mvypkaa tal uw dyl dz eu  m s l   b hcp 
04 |   o cj  c     tp  t      w ttn   f  kb 
05 |   h ey  m     ng  r      c ojn   m  gf 
06 |   g rs  z     gl  c     mk nss   w  xc 
07 |   z r                   dgq c       ry 
08 |   j h                   dxf j       zn 
09 |   k i                   cri w       ro 
0A |   e b                   szb k r     ud 
0B |   p o                   ors x q     lx 
0C |   c y                   put g g     bg 
0D |   l g                   tlz b v     wy 
0E |                                        
0F |                                        
10 |                                        
11 |                                        
12 |                                        
13 |                                        
---------- 15 -------------
00 |ugs e  p hgzlbzp  ivbrlhh r   e qb sf  l
01 |uls g hxoiloagkr rncwnxld b e p bs ew jh
02 |mky zlwlfscdziwh nfjhlldt f s c etrxewfm
03 |mvy kaa tal uw dyl dz eu  m s l   b hcp 
04 |mcgotcj tca pl tpv tu gp  w t n   f ikb 
05 |   h ey  m     ng  r      c ojn   m  gf 
06 |   g rs  z     gl  c      k nss   w  xc 
07 |   z r                   dg  c       ry 
08 |   j h                   dxf j       zn 
09 |   k i                   cri w       ro 
0A |   e b                   szb k       ud 
0B |   p o                   ors x q     lx 
0C |   c y                   put g g     bg 
0D |   l g                   tlz b v     wy 
0E |   n i                   zbw c m     hr 
0F |                                        
10 |                                        
11 |                                        
12 |                                        
13 |                                        
---------- 16 -------------
00 |ugs e  p hgzlbzp  i brlhh     e qb sf  l
01 |uls g  xoiloagkr rncwnxld b   p bs ew  h
02 |mky z wlfscdziwh nfjhlldt f s c et xe fm
03 |mvy kaagtalkuwfd lddzveun m s l kzbahcpb
04 |mcg tcj tca pl tpv tu gp  w t n   f ikb 
05 |   h ey  m     ng  r      c o n   m  gf 
06 |   g rs  z     gl  c      k nss   w  xc 
07 |   z rz  g     bp  s      g rcd   c  ry 
08 |   j h                   dx  j       zn 
09 |   k i                   cri w       ro 
0A |   e b                   szb k       ud 
0B |   p o                   ors x       lx 
0C |   c y                   put g g     bg 
0D |   l g                   tlz b v     wy 
0E |   n i                   zbw c m     hr 
0F |   n s                   cwu o m     zq 
10 |                                        
11 |                                        
12 |                                        
13 |                                        
---------- 17 -------------
00 |ugs e  p hgzlbzp  i brlhh     e qb sf  l
01 |uls g  xoiloagkr rncwnxld     p bs ew  h
02 |mky z wlfscdziwh nfjhlldt f s c et xe  m
03 |mvy k agtalkuwfd lddzveun m s l kzbah pb
04 |mcg tcj tca pl tpv tu gp  w t n   f ikb 
05 |     ey  m     ng  r      c o n   m  gf 
06 |   g rs  z     gl  c      k n s   w  xc 
07 |   z rz  g     bp  s      g rcd   c  ry 
08 |   j h                    x  j       zn 
09 |   k i                   cr  w       ro 
0A |   e b                   szb k       ud 
0B |   p o                   ors x       lx 
0C |   c y                   put g       bg 
0D |   l g                   tlz b v     wy 
0E |   n i                   zbw c m     hr 
0F |   n s                   cwu o m     zq 
10 |   s e                   ehb s z     ui 
11 |                                        
12 |                                        
13 |                                        
---------- 18 -------------
00 |ugs e  p hgzlbzp  i brlhh     e qb sf  l
01 |uls g  x iloagkr  n wnxld     p bs ew  h
02 |mky z  lfscdziwh nfjhlldt     c et xe  m
03 |mvy k agtalkuwfd lddzveun m s l kz ah  b
04 |mcg t j tca pl t v tu gp  w t n   f i b 
05 |wvc tey rmc xw ngr rz zf  c o n   m jgf 
06 |     rs  z     gl  c      k n s   w  xc 
07 |   z rz  g     bp  s      g r d   c  ry 
08 |   j hb  g     ss  m      x rjt   k  zn 
09 |   k i                    r  w       ro 
0A |   e b                   sz  k       ud 
0B |   p o                   ors x       lx 
0C |   c y                   put g       bg 
0D |   l g                   tlz b       wy 
0E |   n i                   zbw c m     hr 
0F |   n s                   cwu o m     zq 
10 |   s e                   ehb s z     ui 
11 |   d x                   rzg v n     ze 
12 |                                        
13 |                                        
---------- 19 -------------
00 |ugs e  p hgzlbzp  i brlhh     e qb sf  l
01 |uls g  x iloagkr  n wnxld     p bs ew  h
02 |mky z  lfscdziwh nfjhlldt     c et xe  m
03 |mvy k agtalkuwfd lddzveun   s l kz ah  b
04 |mcg t j tca pl t v tu gp  w t n   f i   
05 |wvc t y rmc xw ngr rz zf  c o n   m j f 
06 |     rs  z     gl  c      k n s   w  xc 
07 |     rz  g     bp  s      g r d   c  ry 
08 |   j hb  g     ss  m      x r t   k  zn 
09 |   k i                    r  w       ro 
0A |   e b                    z  k       ud 
0B |   p o                   or  x       lx 
0C |   c y                   put g       bg 
0D |   l g                   tlz b       wy 
0E |   n i                   zbw c       hr 
0F |   n s                   cwu o m     zq 
10 |   s e                   ehb s z     ui 
11 |   d x                   rzg v n     ze 
12 |   t a                   rud p k     ic 
13 |                                        
---------- 20 -------------
00 |ugs e  p hgzlbzp  i brlhh     e qb sf  l
01 |uls g  x iloagkr  n wnxld     p bs ew  h
02 |mky z  lfscdziwh nf hlldt     c et xe  m
03 |mvy k  gtalkuwfd lddzveun     l kz ah  b
04 |mcg t jatcasplyt vfturgpg   t n ew ui  z
05 |wvc t y rmc xw n r rz zf  c o n   m j   
06 |      s  z     gl  c      k n s   w   c 
07 |     rz  g     bp  s      g r d   c  ry 
08 |     hb  g     ss  m      x r t   k  zn 
09 |   k iy  e     xg  s      r y k   g  ro 
0A |   e b                    z  k       ud 
0B |   p o                    r  x       lx 
0C |   c y                   pu  g       bg 
0D |   l g                   tlz b       wy 
0E |   n i                   zbw c       hr 
0F |   n s                   cwu o       zq 
10 |   s e                   ehb s z     ui 
11 |   d x                   rzg v n     ze 
12 |   t a                   rud p k     ic 
13 |   k u                   ezy l b     ud 
---------- 21 -------------
00 |ugs e  p hgzlbzp  i brlhh     e qb sf  l
01 |uls g  x iloagkr  n wnxld     p bs ew  h
02 |mky z  l scdziwh  f hlldt     c et xe  m
03 |mvy k  gtalkuwfd lddzveun     l kz ah  b
04 |mcg t jatcasplyt vfturgpg   t n ew ui  z
05 |wvc t y rmc xw n r rz zf    o n   m j   
06 |kod c s rze li glx ci kn  k n s   w m   
07 |      z  g     bp  s      g r d   c   y 
08 |     hb  g     ss  m      x r t   k  zn 
09 |     iy  e     xg  s      r y k   g  ro 
0A |   e b                    z          ud 
0B |   p o                    r  x       lx 
0C |   c y                    u  g       bg 
0D |   l g                   tl  b       wy 
0E |   n i                   zbw c       hr 
0F |   n s                   cwu o       zq 
10 |   s e                   ehb s       ui 
11 |   d x                   rzg v n     ze 
12 |   t a                   rud p k     ic 
13 |   k u                   ezy l b     ud 
---------- 22 -------------
00 |ugs e  p  gzlbz   i brlhh       qb sf  l
01 |uls g  x iloagkr  n wnxld     p bs ew  h
02 |mky z  l scdziwh  f hlldt     c et xe  m
03 |mvy k  gtalkuwfd ld zveun     l kz ah  b
04 |mcg t  atcasplyt vfturgpg     n ew ui  z
05 |wvc t y rmc xw n r rz zf    o n     j   
06 |kod c s rze li g x ci kn    n s   w m   
07 |      z  g     bp  s      g r d   c     
08 |      b  g     ss  m      x r t   k   n 
09 |     iy  e     xg  s      r y k   g  ro 
0A |     bg  m     zm  e      z g v   x  ud 
0B |   p o                    r          lx 
0C |   c y                    u  g       bg 
0D |   l g                    l  b       wy 
0E |   n i                   zb  c       hr 
0F |   n s                   cwu o       zq 
10 |   s e                   ehb s       ui 
11 |   d x                   rzg v       ze 
12 |   t a                   rud p k     ic 
13 |   k u                   ezy l b     ud 
---------- 23 -------------
00 |ugs e  p  gzlbz   i brlhh       qb sf  l
01 |uls g  x iloagkr  n wnxld     p bs ew  h
02 |mky z  l scdziwh  f hlldt     c et xe  m
03 |mvy k  gtalkuwfd ld zveun     l kz ah  b
04 |mcg t  atcasplyt vfturgpg     n ew ui  z
05 |wvc t y rmc xw n r rz zf    o n     j   
06 |kod c s rze li g x ci kn    n s   w m   
07 |      z  g     bp  s        r d   c     
08 |      b  g     ss  m      x r t   k     
09 |      y  e     xg  s      r y k   g   o 
0A |     bg  m     zm  e      z g v   x  ud 
0B |     o                    r          lx 
0C |   c y                    u          bg 
0D |   l g                    l  b       wy 
0E |   n i                    b  c       hr 
0F |   n s                   cw  o       zq 
10 |   s e                   ehb s       ui 
11 |   d x                   rzg v       ze 
12 |   t a                   rud p       ic 
13 |   k u                   ezy l b     ud 
---------- 24 -------------
00 |ugs    p  gzlbz   i brlhh       qb sf  l
01 |uls g  x  loagk   n wnxld       bs ew  h
02 |mky z  l scdziwh  f hlldt     c et xe  m
03 |mvy k  g alkuwfd  d zveun     l kz ah  b
04 |mcg t  atcasplyt vf urgpg     n ew ui  z
05 |wvc t  wrmcaxwgn rkrzxzfb     n ru mj  k
06 |kod c s rze li g x ci kn    n s     m   
07 |dfv w z hgr gl b p su tk    r d   c h   
08 |      b  g     ss  m        r t   k     
09 |      y  e     xg  s      r y k   g     
0A |      g  m     zm  e      z g v   x   d 
0B |     ot  x     if  v      r z w   r  lx 
0C |     y                    u          bg 
0D |   l g                    l          wy 
0E |   n i                    b  c       hr 
0F |   n s                    w  o       zq 
10 |   s e                   eh  s       ui 
11 |   d x                   rzg v       ze 
12 |   t a                   rud p       ic 
13 |   k u                   ezy l       ud
